\BOOKMARK [1][-]{section.1}{\376\377\000A\000b\000s\000t\000r\000a\000c\000t}{}% 1
\BOOKMARK [1][-]{section.2}{\376\377\000I\000n\000t\000r\000o\000d\000u\000c\000t\000i\000o\000n}{}% 2
\BOOKMARK [2][-]{subsection.2.1}{\376\377\000S\000t\000a\000n\000d\000a\000r\000d\000\040\000T\000y\000p\000e\000s\000\040\000v\000s\000.\000\040\000C\000u\000s\000t\000o\000m\000\040\000A\000r\000b\000i\000t\000r\000a\000r\000y\000-\000P\000r\000e\000c\000i\000s\000i\000o\000n\000\040\000T\000y\000p\000e\000s}{section.2}% 3
\BOOKMARK [1][-]{section.3}{\376\377\000F\000i\000l\000e\000\040\000D\000e\000s\000c\000r\000i\000p\000t\000i\000o\000n\000s}{}% 4
\BOOKMARK [2][-]{subsection.3.1}{\376\377\000A\000i\000n\000t\000e\000g\000e\000r\000.\000j\000a\000v\000a}{section.3}% 5
\BOOKMARK [2][-]{subsection.3.2}{\376\377\000A\000f\000l\000o\000a\000t\000.\000j\000a\000v\000a}{section.3}% 6
\BOOKMARK [2][-]{subsection.3.3}{\376\377\000M\000y\000I\000n\000f\000A\000r\000i\000t\000h\000.\000j\000a\000v\000a}{section.3}% 7
\BOOKMARK [2][-]{subsection.3.4}{\376\377\000a\000a\000r\000i\000t\000h\000m\000e\000t\000i\000c\000.\000j\000a\000r}{section.3}% 8
\BOOKMARK [2][-]{subsection.3.5}{\376\377\000A\000n\000t\000\040\000B\000u\000i\000l\000d\000\040\000S\000c\000r\000i\000p\000t\000\040\000\050\000b\000u\000i\000l\000d\000.\000x\000m\000l\000\051}{section.3}% 9
\BOOKMARK [1][-]{section.4}{\376\377\000A\000l\000g\000o\000r\000i\000t\000h\000m\000s}{}% 10
\BOOKMARK [2][-]{subsection.4.1}{\376\377\000A\000i\000n\000t\000e\000g\000e\000r\000\040\000C\000l\000a\000s\000s}{section.4}% 11
\BOOKMARK [3][-]{subsubsection.4.1.1}{\376\377\000A\000d\000d\000i\000t\000i\000o\000n}{subsection.4.1}% 12
\BOOKMARK [3][-]{subsubsection.4.1.2}{\376\377\000S\000u\000b\000t\000r\000a\000c\000t\000i\000o\000n}{subsection.4.1}% 13
\BOOKMARK [3][-]{subsubsection.4.1.3}{\376\377\000M\000u\000l\000t\000i\000p\000l\000i\000c\000a\000t\000i\000o\000n}{subsection.4.1}% 14
\BOOKMARK [3][-]{subsubsection.4.1.4}{\376\377\000D\000i\000v\000i\000s\000i\000o\000n}{subsection.4.1}% 15
\BOOKMARK [2][-]{subsection.4.2}{\376\377\000A\000f\000l\000o\000a\000t\000\040\000C\000l\000a\000s\000s}{section.4}% 16
\BOOKMARK [3][-]{subsubsection.4.2.1}{\376\377\000A\000d\000d\000i\000t\000i\000o\000n}{subsection.4.2}% 17
\BOOKMARK [3][-]{subsubsection.4.2.2}{\376\377\000S\000u\000b\000t\000r\000a\000c\000t\000i\000o\000n}{subsection.4.2}% 18
\BOOKMARK [3][-]{subsubsection.4.2.3}{\376\377\000M\000u\000l\000t\000i\000p\000l\000i\000c\000a\000t\000i\000o\000n}{subsection.4.2}% 19
\BOOKMARK [3][-]{subsubsection.4.2.4}{\376\377\000D\000i\000v\000i\000s\000i\000o\000n}{subsection.4.2}% 20
\BOOKMARK [1][-]{section.5}{\376\377\000T\000e\000s\000t\000i\000n\000g}{}% 21
\BOOKMARK [2][-]{subsection.5.1}{\376\377\000A\000i\000n\000t\000e\000g\000e\000r}{section.5}% 22
\BOOKMARK [2][-]{subsection.5.2}{\376\377\000A\000f\000l\000o\000a\000t}{section.5}% 23
\BOOKMARK [1][-]{section.6}{\376\377\000B\000u\000i\000l\000d\000\040\000a\000n\000d\000\040\000R\000u\000n}{}% 24
\BOOKMARK [2][-]{subsection.6.1}{\376\377\000B\000u\000i\000l\000d\000i\000n\000g\000\040\000t\000h\000e\000\040\000p\000a\000c\000k\000a\000g\000e\000\040\000\050\000.\000J\000A\000R\000\051\000:}{section.6}% 25
\BOOKMARK [2][-]{subsection.6.2}{\376\377\000E\000x\000e\000c\000u\000t\000i\000n\000g\000\040\000v\000i\000a\000\040\000M\000y\000I\000n\000f\000A\000r\000i\000t\000h\000:}{section.6}% 26
\BOOKMARK [2][-]{subsection.6.3}{\376\377\000E\000x\000e\000c\000u\000t\000i\000n\000g\000\040\000v\000i\000a\000\040\000r\000u\000n\000n\000e\000r\000.\000p\000y\000:}{section.6}% 27
\BOOKMARK [2][-]{subsection.6.4}{\376\377\000E\000x\000e\000c\000u\000t\000i\000n\000g\000\040\000v\000i\000a\000\040\000a\000a\000r\000i\000t\000h\000m\000e\000t\000i\000c\000.\000j\000a\000r\000:}{section.6}% 28
